[waymakeruk.com/index.html]
[backblue.gif]
[fade.gif]
[index.html]
[waymakeruk.com/images/favicon7839.png]
[waymakeruk.com/css/bootstrap.min.css]
[waymakeruk.com/css/animations.css]
[waymakeruk.com/css/font-awesome.css]
[waymakeruk.com/css/main7646.css]
[waymakeruk.com/js/vendor/modernizr-2.6.2.min.js]
[cdnjs.cloudflare.com/ajax/libs/font-awesome/6.2.0/css/all.min.css]
[waymakeruk.com/index-2.html]
[waymakeruk.com/images/logo7839.png]
[waymakeruk.com/images/slide027839.jpg]
[waymakeruk.com/services/index.html]
[waymakeruk.com/images/skilled7839.jpg]
[waymakeruk.com/images/family7839.jpg]
[waymakeruk.com/images/business7839.jpg]
[waymakeruk.com/images/student7839.jpg]
[waymakeruk.com/images/person017839.jpg]
[waymakeruk.com/images/logow7839.png]
[waymakeruk.com/cdn-cgi/scripts/5c5dd728/cloudflare-static/email-decode.min.js]
[waymakeruk.com/js/compressed.js]
[waymakeruk.com/js/main.js]
[waymakeruk.com/index.html]
[waymakeruk.com/css/bootstrap.min.css]
[waymakeruk.com/css/animations.css]
[waymakeruk.com/services/index-2.html]
[waymakeruk.com/fonts/fontawesome-webfont3e6e3e6e.eot]
[waymakeruk.com/fonts/fontawesome-webfontd41dd41d.eot]
[waymakeruk.com/fonts/fontawesome-webfont3e6e3e6e.woff2]
[waymakeruk.com/fonts/fontawesome-webfont3e6e3e6e.woff]
[waymakeruk.com/fonts/fontawesome-webfont3e6e3e6e.ttf]
[waymakeruk.com/css/font-awesome.css]
[waymakeruk.com/fonts/fontawesome-webfont3e6e3e6e.svg]
[waymakeruk.com/fonts/rawline/rawline.css]
[waymakeruk.com/img/owl.video.play7839.png]
[waymakeruk.com/img/photoswipe/default-skin7839.png]
[waymakeruk.com/img/photoswipe/default-skin.svg]
[waymakeruk.com/img/photoswipe/preloader.gif]
[waymakeruk.com/img/background-texture-cover7839.jpg]
[waymakeruk.com/img/patterns/pattern87839.png]
[waymakeruk.com/img/preloader.gif]
[waymakeruk.com/img/patterns/pattern17839.png]
[waymakeruk.com/img/patterns/pattern27839.png]
[waymakeruk.com/img/patterns/pattern37839.png]
[waymakeruk.com/img/patterns/pattern47839.png]
[waymakeruk.com/img/patterns/pattern57839.png]
[waymakeruk.com/img/patterns/pattern67839.png]
[waymakeruk.com/img/patterns/pattern77839.png]
[waymakeruk.com/img/patterns/pattern97839.png]
[waymakeruk.com/img/patterns/pattern107839.png]
[waymakeruk.com/img/patterns/pattern117839.png]
[waymakeruk.com/img/parallax/map-dark7839.jpg]
[waymakeruk.com/img/parallax/map-light7839.jpg]
[waymakeruk.com/img/parallax/light-abstract7839.jpg]
[waymakeruk.com/img/parallax/light-wood7839.jpg]
[waymakeruk.com/img/footer-bg7839.jpg]
[waymakeruk.com/images/half_image7839.jpg]
[waymakeruk.com/images/gallery/gallery-067839.jpg]
[waymakeruk.com/img/4047839.jpg]
[waymakeruk.com/img/form-bg7839.jpg]
[waymakeruk.com/css/main7646.css]
[waymakeruk.com/js/vendor/modernizr-2.6.2.min.js]
[cdnjs.cloudflare.com/ajax/libs/font-awesome/6.2.0/css/all.min.css]
[waymakeruk.com/index-2.html]
[cdn.jsdelivr.net/npm/bootstrap@5.2.2/dist/js/bootstrap.bundle.min.js]
[waymakeruk.com/services/assets/css/bootstrap.min.css]
[waymakeruk.com/services/assets/fonts/iconfont.css]
[waymakeruk.com/services/assets/css/swiper.min.css]
[waymakeruk.com/services/assets/css/venobox.css]
[waymakeruk.com/services/assets/css/animate.css]
[waymakeruk.com/services/assets/css/select2.min.css]
[waymakeruk.com/services/assets/css/style.css]
[waymakeruk.com/services/assets/css/responsive97a9.css]
[waymakeruk.com/services/assets/css/color-1.css]
[waymakeruk.com/services/assets/css/main7828.css]
[waymakeruk.com/services/assets/images/skilled7839.png]
[waymakeruk.com/services/assets/images/family7839.png]
[waymakeruk.com/services/assets/images/business7839.png]
[waymakeruk.com/services/assets/images/student7839.png]
[waymakeruk.com/services/assets/js/jquery.min.js]
[waymakeruk.com/services/assets/js/bootstrap.min.js]
[waymakeruk.com/services/assets/js/jquery.easing.js]
[waymakeruk.com/services/assets/js/swiper.min.js]
[waymakeruk.com/services/assets/js/venobox.min.js]
[waymakeruk.com/services/assets/js/select2.min.js]
[waymakeruk.com/services/assets/js/jquery.validate.min.js]
[waymakeruk.com/services/assets/js/jquery.form.js]
[waymakeruk.com/services/assets/js/wow.min.js]
[waymakeruk.com/services/index.html]
[waymakeruk.com/services/assets/js/custom.js]
[waymakeruk.com/services/index-2.html]
[waymakeruk.com/cdn-cgi/scripts/5c5dd728/cloudflare-static/email-decode.min.html]
[waymakeruk.com/hqdefault.jpg]
[waymakeruk.com/js/compressed.js]
[waymakeruk.com/contact-form.php]
[waymakeruk.com/search.php]
[waymakeruk.com/js/main.js]
[waymakeruk.com/fonts/fontawesome-webfont3e6e3e6e.svg]
[waymakeruk.com/fonts/rawline/rawline-100.eot]
[waymakeruk.com/fonts/rawline/rawline-100d41dd41d.eot]
[waymakeruk.com/fonts/rawline/rawline-100.woff2]
[waymakeruk.com/fonts/rawline/rawline-100.woff]
[waymakeruk.com/fonts/rawline/rawline-100.ttf]
[waymakeruk.com/fonts/rawline/rawline-100.svg]
[waymakeruk.com/fonts/rawline/rawline-100i.eot]
[waymakeruk.com/fonts/rawline/rawline-100id41dd41d.eot]
[waymakeruk.com/fonts/rawline/rawline-100i.woff2]
[waymakeruk.com/fonts/rawline/rawline-100i.woff]
[waymakeruk.com/fonts/rawline/rawline-100i.ttf]
[waymakeruk.com/fonts/rawline/rawline-100i.svg]
[waymakeruk.com/fonts/rawline/rawline-200.eot]
[waymakeruk.com/fonts/rawline/rawline-200d41dd41d.eot]
[waymakeruk.com/fonts/rawline/rawline-200.woff2]
[waymakeruk.com/fonts/rawline/rawline-200.woff]
[waymakeruk.com/fonts/rawline/rawline-200.ttf]
[waymakeruk.com/fonts/rawline/rawline-200.svg]
[waymakeruk.com/fonts/rawline/rawline-200i.eot]
[waymakeruk.com/fonts/rawline/rawline-200id41dd41d.eot]
[waymakeruk.com/fonts/rawline/rawline-200i.woff2]
[waymakeruk.com/fonts/rawline/rawline-200i.woff]
[waymakeruk.com/fonts/rawline/rawline-200i.ttf]
[waymakeruk.com/fonts/rawline/rawline-200i.svg]
[waymakeruk.com/fonts/rawline/rawline-300-.eot]
[waymakeruk.com/fonts/rawline/rawline-300-d41dd41d.eot]
[waymakeruk.com/fonts/rawline/rawline-300.woff2]
[waymakeruk.com/fonts/rawline/rawline-300.woff]
[waymakeruk.com/fonts/rawline/rawline-300.ttf]
[waymakeruk.com/fonts/rawline/rawline-300.svg]
[waymakeruk.com/fonts/rawline/rawline-300i.eot]
[waymakeruk.com/fonts/rawline/rawline-300id41dd41d.eot]
[waymakeruk.com/fonts/rawline/rawline-300i.woff2]
[waymakeruk.com/fonts/rawline/rawline-300i.woff]
[waymakeruk.com/fonts/rawline/rawline-300i.ttf]
[waymakeruk.com/fonts/rawline/rawline-300i.svg]
[waymakeruk.com/fonts/rawline/rawline-400.eot]
[waymakeruk.com/fonts/rawline/rawline-400d41dd41d.eot]
[waymakeruk.com/fonts/rawline/rawline-400.woff2]
[waymakeruk.com/fonts/rawline/rawline-400.woff]
[waymakeruk.com/fonts/rawline/rawline-400.ttf]
[waymakeruk.com/fonts/rawline/rawline-400.svg]
[waymakeruk.com/fonts/rawline/rawline-400i.eot]
[waymakeruk.com/fonts/rawline/rawline-400id41dd41d.eot]
[waymakeruk.com/fonts/rawline/rawline-400i.woff2]
[waymakeruk.com/fonts/rawline/rawline-400i.woff]
[waymakeruk.com/fonts/rawline/rawline-400i.ttf]
[waymakeruk.com/fonts/rawline/rawline-400i.svg]
[waymakeruk.com/fonts/rawline/rawline-500.eot]
[waymakeruk.com/fonts/rawline/rawline-500d41dd41d.eot]
[waymakeruk.com/fonts/rawline/rawline-500.woff2]
[waymakeruk.com/fonts/rawline/rawline-500.woff]
[waymakeruk.com/fonts/rawline/rawline-500.svg]
[waymakeruk.com/fonts/rawline/rawline-500i.eot]
[waymakeruk.com/fonts/rawline/rawline-500id41dd41d.eot]
[waymakeruk.com/fonts/rawline/rawline-500i.woff2]
[waymakeruk.com/fonts/rawline/rawline-500i.woff]
[waymakeruk.com/fonts/rawline/rawline-500i.ttf]
[waymakeruk.com/fonts/rawline/rawline-500i.svg]
[waymakeruk.com/fonts/rawline/rawline-600.eot]
[waymakeruk.com/fonts/rawline/rawline-600d41dd41d.eot]
[waymakeruk.com/fonts/rawline/rawline-600.woff2]
[waymakeruk.com/fonts/rawline/rawline-600.woff]
[waymakeruk.com/fonts/rawline/rawline-600.ttf]
[waymakeruk.com/fonts/rawline/rawline-600.svg]
[waymakeruk.com/fonts/rawline/rawline-600i.eot]
[waymakeruk.com/fonts/rawline/rawline-600id41dd41d.eot]
[waymakeruk.com/fonts/rawline/rawline-600i.woff2]
[waymakeruk.com/fonts/rawline/rawline-600i.woff]
[waymakeruk.com/fonts/rawline/rawline-600i.ttf]
[waymakeruk.com/fonts/rawline/rawline-600i.svg]
[waymakeruk.com/fonts/rawline/rawline-700.eot]
[waymakeruk.com/fonts/rawline/rawline-700d41dd41d.eot]
[waymakeruk.com/fonts/rawline/rawline-700.woff2]
[waymakeruk.com/fonts/rawline/rawline-700.woff]
[waymakeruk.com/fonts/rawline/rawline-700.ttf]
[waymakeruk.com/fonts/rawline/rawline-700.svg]
[waymakeruk.com/fonts/rawline/rawline-700i.eot]
[waymakeruk.com/fonts/rawline/rawline-700id41dd41d.eot]
[waymakeruk.com/fonts/rawline/rawline-700i.woff2]
[waymakeruk.com/fonts/rawline/rawline-700i.woff]
[waymakeruk.com/fonts/rawline/rawline-700i.ttf]
[waymakeruk.com/fonts/rawline/rawline-700i.svg]
[waymakeruk.com/fonts/rawline/rawline-800.eot]
[waymakeruk.com/fonts/rawline/rawline-800d41dd41d.eot]
[waymakeruk.com/fonts/rawline/rawline-800.woff2]
[waymakeruk.com/fonts/rawline/rawline-800.woff]
[waymakeruk.com/fonts/rawline/rawline-800.ttf]
[waymakeruk.com/fonts/rawline/rawline-800.svg]
[waymakeruk.com/fonts/rawline/rawline-800i.eot]
[waymakeruk.com/fonts/rawline/rawline-800id41dd41d.eot]
[waymakeruk.com/fonts/rawline/rawline-800i.woff2]
[waymakeruk.com/fonts/rawline/rawline-800i.woff]
[waymakeruk.com/fonts/rawline/rawline-800i.ttf]
[waymakeruk.com/fonts/rawline/rawline-800i.svg]
[waymakeruk.com/fonts/rawline/rawline-900.eot]
[waymakeruk.com/fonts/rawline/rawline-900d41dd41d.eot]
[waymakeruk.com/fonts/rawline/rawline-900.woff2]
[waymakeruk.com/fonts/rawline/rawline-900.woff]
[waymakeruk.com/fonts/rawline/rawline-900.ttf]
[waymakeruk.com/fonts/rawline/rawline-900.svg]
[waymakeruk.com/fonts/rawline/rawline-900i.eot]
[waymakeruk.com/fonts/rawline/rawline-900id41dd41d.eot]
[waymakeruk.com/fonts/rawline/rawline-900i.woff2]
[waymakeruk.com/fonts/rawline/rawline-900i.woff]
[waymakeruk.com/fonts/rawline/rawline-900i.ttf]
[waymakeruk.com/fonts/rawline/rawline.css]
[waymakeruk.com/fonts/rawline/rawline-900i.svg]
[waymakeruk.com/img/photoswipe/default-skin.svg]
[waymakeruk.com/images/parallax/video_section_background.html]
[waymakeruk.com/services/assets/css/bootstrap.min.css]
[waymakeruk.com/services/assets/fonts/icomoon.c0.delayed]
[waymakeruk.com/services/assets/fonts/icomoon.ttf_119o20]
[waymakeruk.com/services/assets/fonts/icomoon.woff_119o20]
[waymakeruk.com/services/assets/fonts/icomoon.svg_119o20]
[waymakeruk.com/services/assets/fonts/iconfont.css]
[waymakeruk.com/services/assets/css/swiper.min.css]
[waymakeruk.com/services/assets/css/venobox.css]
[waymakeruk.com/services/assets/css/animate.css]
[waymakeruk.com/services/assets/css/select2.min.css]
[waymakeruk.com/services/assets/css/style.css]
[waymakeruk.com/services/assets/css/responsive97a9.css]
[waymakeruk.com/services/assets/images/hero-trans7839.png]
[waymakeruk.com/services/assets/fonts/icomoon.eot]
[waymakeruk.com/services/assets/images/hero-bottom7839.png]
[waymakeruk.com/services/assets/images/bg-s7839.png]
[waymakeruk.com/services/assets/images/section-bg7839.jpg]
[tanshcreative.com/blussom-lp-preview/assets/images/footer-top.c87839.delayed]
[waymakeruk.com/services/assets/css/color-1.css]
[waymakeruk.com/services/assets/fonts/rawline/rawline.c9.delayed]
[waymakeruk.com/services/assets/img/owl.video.play7839.png]
[waymakeruk.com/services/assets/img/photoswipe/default-skin7839.png]
[waymakeruk.com/services/assets/img/photoswipe/default-skin.svg]
[waymakeruk.com/services/assets/img/photoswipe/preloader.gif]
[waymakeruk.com/services/assets/img/background-texture-cover7839.jpg]
[waymakeruk.com/services/assets/img/patterns/pattern87839.png]
[waymakeruk.com/services/assets/img/preloader.gif]
[waymakeruk.com/services/assets/img/patterns/pattern17839.png]
[waymakeruk.com/services/assets/img/patterns/pattern27839.png]
[waymakeruk.com/services/assets/img/patterns/pattern37839.png]
[waymakeruk.com/services/assets/img/patterns/pattern47839.png]
[waymakeruk.com/services/assets/img/patterns/pattern57839.png]
[waymakeruk.com/services/assets/img/patterns/pattern67839.png]
[waymakeruk.com/services/assets/img/patterns/pattern77839.png]
[waymakeruk.com/services/assets/img/patterns/pattern97839.png]
[waymakeruk.com/services/assets/img/patterns/pattern107839.png]
[waymakeruk.com/services/assets/img/patterns/pattern117839.png]
[waymakeruk.com/services/assets/img/parallax/map-dark7839.jpg]
[waymakeruk.com/services/assets/img/parallax/map-light7839.jpg]
[waymakeruk.com/services/assets/img/parallax/light-abstract7839.jpg]
[waymakeruk.com/services/assets/img/parallax/light-wood7839.jpg]
[waymakeruk.com/services/assets/images/logo7839.png]
[waymakeruk.com/services/assets/index.html]
[waymakeruk.com/services/assets/img/footer-bg7839.jpg]
[waymakeruk.com/services/assets/images/half_image7839.jpg]
[waymakeruk.com/services/assets/images/gallery/gallery-067839.jpg]
[waymakeruk.com/services/assets/img/4047839.jpg]
[waymakeruk.com/services/assets/images/parallax/video_section_background.html]
[waymakeruk.com/services/assets/img/form-bg7839.jpg]
[waymakeruk.com/services/assets/img/texture27839.jpg]
[waymakeruk.com/services/assets/css/main7828.css]
[waymakeruk.com/services/assets/js/jquery.min.js]
[waymakeruk.com/services/popper.js]
[waymakeruk.com/services/assets/js/bootstrap.min.js]
[waymakeruk.com/services/assets/js/jquery.easing.js]
[waymakeruk.com/services/assets/js/swiper.min.js]
[waymakeruk.com/services/assets/js/venobox.min.js]
[waymakeruk.com/services/Trident/index.html]
[waymakeruk.com/services/assets/js/select2.min.js]
[waymakeruk.com/services/Edge/index.html]
[waymakeruk.com/services/Gecko/index.html]
[waymakeruk.com/services/Firefox/index.html]
[waymakeruk.com/services/assets/js/jquery.validate.min.js]
[waymakeruk.com/services/assets/js/jquery.form.js]
[waymakeruk.com/services/assets/js/wow.min.js]
[waymakeruk.com/services/assets/js/custom.js]
[waymakeruk.com/hqdefault.html]
[waymakeruk.com/contact-form.html]
[waymakeruk.com/search.html]
[waymakeruk.com/services/Version/index.html]
[waymakeruk.com/fonts/rawline/rawline-100.svg]
[waymakeruk.com/fonts/rawline/rawline-100i.svg]
[waymakeruk.com/fonts/rawline/rawline-200.svg]
[waymakeruk.com/services/version/index-2.html]
[waymakeruk.com/fonts/rawline/rawline-200i.svg]
[waymakeruk.com/fonts/rawline/rawline-300.svg]
[waymakeruk.com/fonts/rawline/rawline-300i.svg]
[waymakeruk.com/fonts/rawline/rawline-400.svg]
[waymakeruk.com/fonts/rawline/rawline-400i.svg]
[waymakeruk.com/fonts/rawline/rawline-.html]
[waymakeruk.com/fonts/rawline/rawline-500.svg]
[waymakeruk.com/fonts/rawline/rawline-500i.svg]
[waymakeruk.com/fonts/rawline/rawline-600.svg]
[waymakeruk.com/fonts/rawline/rawline-600i.svg]
[waymakeruk.com/fonts/rawline/rawline-700.svg]
[waymakeruk.com/fonts/rawline/rawline-700i.svg]
[waymakeruk.com/fonts/rawline/rawline-800.svg]
[waymakeruk.com/fonts/rawline/rawline-800i.svg]
[waymakeruk.com/fonts/rawline/rawline-900.svg]
[waymakeruk.com/fonts/rawline/rawline-900i.svg]
[waymakeruk.com/services/assets/fonts/icomoon.html]
[waymakeruk.com/services/assets/fonts/icomoon-2.html]
[waymakeruk.com/services/assets/fonts/icomoon-3.html]
[waymakeruk.com/services/assets/fonts/icomoon-4.html]
[tanshcreative.com/blussom-lp-preview/assets/images/footer-top7839.html]
[waymakeruk.com/services/assets/fonts/rawline/rawline.html]
[waymakeruk.com/services/assets/img/owl.video.play7839.html]
[waymakeruk.com/services/assets/img/photoswipe/default-skin7839.html]
[waymakeruk.com/services/assets/img/photoswipe/default-skin.html]
[waymakeruk.com/services/assets/img/photoswipe/preloader.html]
[waymakeruk.com/services/assets/img/background-texture-cover7839.html]
[waymakeruk.com/services/assets/img/patterns/pattern87839.html]
[waymakeruk.com/services/assets/img/preloader.html]
[waymakeruk.com/services/assets/img/patterns/pattern17839.html]
[waymakeruk.com/services/assets/img/patterns/pattern27839.html]
[waymakeruk.com/services/assets/img/patterns/pattern37839.html]
[waymakeruk.com/services/assets/img/patterns/pattern47839.html]
[waymakeruk.com/services/assets/img/patterns/pattern57839.html]
[waymakeruk.com/services/assets/img/patterns/pattern67839.html]
[waymakeruk.com/services/assets/img/patterns/pattern77839.html]
[waymakeruk.com/services/assets/img/patterns/pattern97839.html]
[waymakeruk.com/services/assets/img/patterns/pattern107839.html]
[waymakeruk.com/services/assets/img/patterns/pattern117839.html]
[waymakeruk.com/services/assets/img/parallax/map-dark7839.html]
[waymakeruk.com/services/assets/img/parallax/map-light7839.html]
[waymakeruk.com/services/assets/img/parallax/light-abstract7839.html]
[waymakeruk.com/services/assets/img/parallax/light-wood7839.html]
[waymakeruk.com/services/assets/index.html]
[waymakeruk.com/services/assets/img/footer-bg7839.html]
[waymakeruk.com/services/assets/images/half_image7839.html]
[waymakeruk.com/services/assets/images/gallery/gallery-067839.html]
[waymakeruk.com/services/assets/img/4047839.html]
[waymakeruk.com/services/assets/images/parallax/video_section_background.html]
[waymakeruk.com/services/assets/img/form-bg7839.html]
[waymakeruk.com/services/assets/img/texture27839.html]
[waymakeruk.com/services/popper.html]
[waymakeruk.com/services/Trident/index.html]
[waymakeruk.com/services/Edge/index.html]
[waymakeruk.com/services/Gecko/index.html]
[waymakeruk.com/services/Firefox/index.html]
[waymakeruk.com/services/Version/index.html]
[waymakeruk.com/services/version/index-2.html]
